02/12/2024 0:05:21,,Ingreso USUARIO,Busca tabla invitado
*************
02/12/2024 0:05:23,ross,Ingreso CONTRASEÑA,Busca tabla invitado
*************
02/12/2024 0:08:14,,Ingreso USUARIO,Busca tabla invitado
*************
02/12/2024 0:08:15,ross,Ingreso CONTRASEÑA,Busca tabla invitado
*************
02/12/2024 0:19:46,,Ingreso USUARIO,Busca tabla invitado
*************
02/12/2024 0:19:47,ross,Ingreso CONTRASEÑA,Busca tabla invitado
*************
02/12/2024 0:20:30,ross,Operación de Movimiento Inventario,
*************
02/12/2024 0:20:30,ross,Inserción de detalle movimiento inventario,
*************
02/12/2024 0:26:01,,Ingreso USUARIO,Busca tabla invitado
*************
02/12/2024 0:26:02,ross,Ingreso CONTRASEÑA,Busca tabla invitado
*************
02/12/2024 0:54:52,,Ingreso USUARIO,Busca tabla invitado
*************
02/12/2024 0:54:53,ross,Ingreso CONTRASEÑA,Busca tabla invitado
*************
02/12/2024 13:19:37,,Ingreso USUARIO,Busca tabla invitado
*************
02/12/2024 13:19:38,ross,Ingreso CONTRASEÑA,Busca tabla invitado
*************
02/12/2024 13:30:01,,Ingreso USUARIO,Busca tabla invitado
*************
02/12/2024 13:30:02,ross,Ingreso CONTRASEÑA,Busca tabla invitado
*************
02/12/2024 13:40:27,,Ingreso USUARIO,Busca tabla invitado
*************
02/12/2024 13:40:28,ross,Ingreso CONTRASEÑA,Busca tabla invitado
*************
02/12/2024 13:42:02,ross,Operación de Movimiento Inventario,
*************
02/12/2024 13:42:02,ross,Inserción de detalle movimiento inventario,
*************
02/12/2024 13:42:25,ross,Operación de Movimiento Inventario,
*************
02/12/2024 13:42:25,ross,Inserción de detalle movimiento inventario,
*************
02/12/2024 13:44:57,,Ingreso USUARIO,Busca tabla invitado
*************
02/12/2024 13:44:58,ross,Ingreso CONTRASEÑA,Busca tabla invitado
*************
02/12/2024 13:47:34,,Ingreso USUARIO,Busca tabla invitado
*************
02/12/2024 13:47:34,ross,Ingreso CONTRASEÑA,Busca tabla invitado
*************
02/12/2024 15:01:50,,Ingreso USUARIO,Busca tabla invitado
*************
02/12/2024 15:01:50,ross,Ingreso CONTRASEÑA,Busca tabla invitado
*************
02/12/2024 15:04:00,,Ingreso USUARIO,Busca tabla invitado
*************
02/12/2024 15:04:01,ross,Ingreso CONTRASEÑA,Busca tabla invitado
*************
02/12/2024 15:16:40,,Ingreso USUARIO,Busca tabla invitado
*************
02/12/2024 15:16:41,ross,Ingreso CONTRASEÑA,Busca tabla invitado
*************
05/12/2024 16:37:35,,Ingreso USUARIO,Busca tabla invitado
*************
05/12/2024 16:37:35,ross,Ingreso CONTRASEÑA,Busca tabla invitado
*************
05/12/2024 16:41:34,,Ingreso USUARIO,Busca tabla invitado
*************
05/12/2024 16:41:36,,Ingreso CONTRASEÑA FALLIDO,
*************
05/12/2024 16:41:36,,Ingreso CONTRASEÑA,Busca tabla invitado
*************
05/12/2024 16:41:37,ross,Ingreso CONTRASEÑA,Busca tabla invitado
*************
05/12/2024 16:49:58,,Ingreso USUARIO,Busca tabla invitado
*************
05/12/2024 16:49:59,ross,Ingreso CONTRASEÑA,Busca tabla invitado
*************
05/12/2024 16:55:47,,Ingreso USUARIO,Busca tabla invitado
*************
05/12/2024 16:55:48,ross,Ingreso CONTRASEÑA,Busca tabla invitado
*************
05/12/2024 17:01:04,,Ingreso USUARIO,Busca tabla invitado
*************
05/12/2024 17:01:05,ross,Ingreso CONTRASEÑA,Busca tabla invitado
*************
05/12/2024 17:02:42,ross,CUTANEAS,AL_CERDOH
*************
05/12/2024 17:02:42,ross,CUTANEAS,AL_POLLOH
*************
05/12/2024 17:02:42,ross,CUTANEAS,AL_CORVINAH
*************
05/12/2024 17:02:42,ross,CUTANEAS,AL_ATUNH
*************
05/12/2024 17:02:42,ross,CUTANEAS,AL_LANGOSTAH
*************
05/12/2024 17:02:42,ross,CUTANEAS,AL_CAMARONH
*************
05/12/2024 17:02:42,ross,CUTANEAS,AL_LECHEH
*************
05/12/2024 17:02:42,ross,CUTANEAS,AL_HUEVOCIH
*************
05/12/2024 17:02:42,ross,CUTANEAS,AL_YEMAH
*************
05/12/2024 17:02:42,ross,CUTANEAS,AL_TRIGOH
*************
05/12/2024 17:02:42,ross,CUTANEAS,AL_MAIZH
*************
05/12/2024 17:02:42,ross,CUTANEAS,AL_ARROZH
*************
05/12/2024 17:02:42,ross,CUTANEAS,AL_FREJOLH
*************
05/12/2024 17:02:42,ross,CUTANEAS,AL_LENTEJAH
*************
05/12/2024 17:02:42,ross,CUTANEAS,AL_HABAH
*************
05/12/2024 17:02:42,ross,CUTANEAS,AL_TOMATEH
*************
05/12/2024 17:02:42,ross,CUTANEAS,AL_ZANAHORIAH
*************
05/12/2024 17:02:42,ross,CUTANEAS,AL_MANIH
*************
05/12/2024 17:02:42,ross,CUTANEAS,AL_CHOCOLATEH
*************
05/12/2024 17:02:42,ross,CUTANEAS,AL_NARANJAH
*************
05/12/2024 17:02:42,ross,CUTANEAS,AL_PIÑAH
*************
05/12/2024 17:02:42,ross,CUTANEAS,AL_FRUTILLAH
*************
05/12/2024 17:11:01,,Ingreso USUARIO,Busca tabla invitado
*************
05/12/2024 17:11:02,ross,Ingreso CONTRASEÑA,Busca tabla invitado
*************
10/12/2024 11:10:13,,Ingreso USUARIO,Busca tabla invitado
*************
10/12/2024 11:10:14,ross,Ingreso CONTRASEÑA,Busca tabla invitado
*************
10/12/2024 11:45:10,,Ingreso USUARIO,Busca tabla invitado
*************
10/12/2024 11:45:10,ross,Ingreso CONTRASEÑA,Busca tabla invitado
*************
10/12/2024 17:04:21,,Ingreso USUARIO,Busca tabla invitado
*************
10/12/2024 17:04:21,ross,Ingreso CONTRASEÑA,Busca tabla invitado
*************
11/12/2024 1:32:30,,Ingreso USUARIO,Busca tabla invitado
*************
11/12/2024 1:32:30,ross,Ingreso CONTRASEÑA,Busca tabla invitado
*************
11/12/2024 1:34:22,,Ingreso USUARIO,Busca tabla invitado
*************
11/12/2024 1:34:23,ross,Ingreso CONTRASEÑA,Busca tabla invitado
*************
11/12/2024 1:36:03,,Ingreso USUARIO,Busca tabla invitado
*************
11/12/2024 1:36:04,ross,Ingreso CONTRASEÑA,Busca tabla invitado
*************
11/12/2024 1:37:38,,Ingreso USUARIO,Busca tabla invitado
*************
11/12/2024 1:37:38,ross,Ingreso CONTRASEÑA,Busca tabla invitado
*************
11/12/2024 1:41:55,,Ingreso USUARIO,Busca tabla invitado
*************
11/12/2024 1:41:55,ross,Ingreso CONTRASEÑA,Busca tabla invitado
*************
11/12/2024 1:44:10,,Ingreso USUARIO,Busca tabla invitado
*************
11/12/2024 1:44:10,ross,Ingreso CONTRASEÑA,Busca tabla invitado
*************
11/12/2024 1:45:44,,Ingreso USUARIO,Busca tabla invitado
*************
11/12/2024 1:45:46,ross,Ingreso CONTRASEÑA,Busca tabla invitado
*************
11/12/2024 1:47:26,,Ingreso USUARIO,Busca tabla invitado
*************
11/12/2024 1:47:28,ross,Ingreso CONTRASEÑA,Busca tabla invitado
*************
11/12/2024 10:18:47,,Ingreso USUARIO,Busca tabla invitado
*************
11/12/2024 10:18:48,ross,Ingreso CONTRASEÑA,Busca tabla invitado
*************
11/12/2024 10:19:37,ross,CUTANEAS,AL_CERDOH
*************
11/12/2024 10:19:37,ross,CUTANEAS,AL_POLLOH
*************
11/12/2024 10:19:37,ross,CUTANEAS,AL_CORVINAH
*************
11/12/2024 10:19:37,ross,CUTANEAS,AL_ATUNH
*************
11/12/2024 10:19:37,ross,CUTANEAS,AL_LANGOSTAH
*************
11/12/2024 10:19:37,ross,CUTANEAS,AL_CAMARONH
*************
11/12/2024 10:19:37,ross,CUTANEAS,AL_LECHEH
*************
11/12/2024 10:19:37,ross,CUTANEAS,AL_HUEVOCIH
*************
11/12/2024 10:19:37,ross,CUTANEAS,AL_YEMAH
*************
11/12/2024 10:19:37,ross,CUTANEAS,AL_TRIGOH
*************
11/12/2024 10:19:37,ross,CUTANEAS,AL_MAIZH
*************
11/12/2024 10:19:37,ross,CUTANEAS,AL_ARROZH
*************
11/12/2024 10:19:37,ross,CUTANEAS,AL_FREJOLH
*************
11/12/2024 10:19:37,ross,CUTANEAS,AL_LENTEJAH
*************
11/12/2024 10:19:37,ross,CUTANEAS,AL_HABAH
*************
11/12/2024 10:19:37,ross,CUTANEAS,AL_TOMATEH
*************
11/12/2024 10:19:37,ross,CUTANEAS,AL_ZANAHORIAH
*************
11/12/2024 10:19:37,ross,CUTANEAS,AL_MANIH
*************
11/12/2024 10:19:37,ross,CUTANEAS,AL_CHOCOLATEH
*************
11/12/2024 10:19:37,ross,CUTANEAS,AL_NARANJAH
*************
11/12/2024 10:19:37,ross,CUTANEAS,AL_PIÑAH
*************
11/12/2024 10:19:37,ross,CUTANEAS,AL_FRUTILLAH
*************
11/12/2024 10:19:37,ross,CUTANEAS,AL_PARABENOSH
*************
11/12/2024 10:19:37,ross,CUTANEAS,AL_AGROSTISH
*************
11/12/2024 10:19:37,ross,CUTANEAS,AL_BROMUSH
*************
11/12/2024 10:19:37,ross,CUTANEAS,AL_DACTILISH
*************
11/12/2024 10:19:42,ross,CUTANEAS,AL_CERDOH
*************
11/12/2024 10:19:42,ross,CUTANEAS,AL_POLLOH
*************
11/12/2024 10:19:42,ross,CUTANEAS,AL_CORVINAH
*************
11/12/2024 10:19:42,ross,CUTANEAS,AL_ATUNH
*************
11/12/2024 10:19:42,ross,CUTANEAS,AL_LANGOSTAH
*************
11/12/2024 10:19:42,ross,CUTANEAS,AL_CAMARONH
*************
11/12/2024 10:19:42,ross,CUTANEAS,AL_LECHEH
*************
11/12/2024 10:19:42,ross,CUTANEAS,AL_HUEVOCIH
*************
11/12/2024 10:19:42,ross,CUTANEAS,AL_YEMAH
*************
11/12/2024 10:19:42,ross,CUTANEAS,AL_TRIGOH
*************
11/12/2024 10:19:42,ross,CUTANEAS,AL_MAIZH
*************
11/12/2024 10:19:42,ross,CUTANEAS,AL_ARROZH
*************
11/12/2024 10:19:42,ross,CUTANEAS,AL_FREJOLH
*************
11/12/2024 10:19:42,ross,CUTANEAS,AL_LENTEJAH
*************
11/12/2024 10:19:42,ross,CUTANEAS,AL_HABAH
*************
11/12/2024 10:19:42,ross,CUTANEAS,AL_TOMATEH
*************
11/12/2024 10:19:42,ross,CUTANEAS,AL_ZANAHORIAH
*************
11/12/2024 10:19:42,ross,CUTANEAS,AL_MANIH
*************
11/12/2024 10:19:42,ross,CUTANEAS,AL_CHOCOLATEH
*************
11/12/2024 10:19:42,ross,CUTANEAS,AL_NARANJAH
*************
11/12/2024 10:19:42,ross,CUTANEAS,AL_PIÑAH
*************
11/12/2024 10:19:42,ross,CUTANEAS,AL_FRUTILLAH
*************
11/12/2024 10:19:42,ross,CUTANEAS,AL_PARABENOSH
*************
11/12/2024 10:19:42,ross,CUTANEAS,AL_AGROSTISH
*************
11/12/2024 10:19:42,ross,CUTANEAS,AL_BROMUSH
*************
11/12/2024 10:19:42,ross,CUTANEAS,AL_DACTILISH
*************
11/12/2024 10:52:33,,Ingreso USUARIO,Busca tabla invitado
*************
11/12/2024 10:52:33,ross,Ingreso CONTRASEÑA,Busca tabla invitado
*************
11/12/2024 10:56:05,,Ingreso USUARIO,Busca tabla invitado
*************
11/12/2024 10:56:05,ross,Ingreso CONTRASEÑA,Busca tabla invitado
*************
11/12/2024 10:59:53,,Ingreso USUARIO,Busca tabla invitado
*************
11/12/2024 10:59:53,ross,Ingreso CONTRASEÑA,Busca tabla invitado
*************
11/12/2024 11:06:44,,Ingreso USUARIO,Busca tabla invitado
*************
11/12/2024 11:06:45,ross,Ingreso CONTRASEÑA,Busca tabla invitado
*************
13/12/2024 19:38:22,,Ingreso USUARIO,Busca tabla invitado
*************
13/12/2024 19:38:23,ross,Ingreso CONTRASEÑA,Busca tabla invitado
*************
17/12/2024 16:46:06,,Ingreso USUARIO,Busca tabla invitado
*************
17/12/2024 16:46:07,ross,Ingreso CONTRASEÑA,Busca tabla invitado
*************
17/12/2024 22:58:38,,Ingreso USUARIO,Busca tabla invitado
*************
17/12/2024 22:58:38,ross,Ingreso CONTRASEÑA,Busca tabla invitado
*************
17/12/2024 23:01:08,,Ingreso USUARIO,Busca tabla invitado
*************
17/12/2024 23:01:08,ross,Ingreso CONTRASEÑA,Busca tabla invitado
*************
17/12/2024 23:04:49,,Ingreso USUARIO,Busca tabla invitado
*************
17/12/2024 23:04:50,ross,Ingreso CONTRASEÑA,Busca tabla invitado
*************
17/12/2024 23:17:31,,Ingreso USUARIO,Busca tabla invitado
*************
17/12/2024 23:17:32,ross,Ingreso CONTRASEÑA,Busca tabla invitado
*************
17/12/2024 23:18:19,,Ingreso USUARIO,Busca tabla invitado
*************
17/12/2024 23:18:20,ross,Ingreso CONTRASEÑA,Busca tabla invitado
*************
17/12/2024 23:33:46,,Ingreso USUARIO,Busca tabla invitado
*************
17/12/2024 23:33:47,ross,Ingreso CONTRASEÑA,Busca tabla invitado
*************
17/12/2024 23:35:09,,Ingreso USUARIO,Busca tabla invitado
*************
17/12/2024 23:35:10,ross,Ingreso CONTRASEÑA,Busca tabla invitado
*************
17/12/2024 23:40:07,,Ingreso USUARIO,Busca tabla invitado
*************
17/12/2024 23:40:08,ross,Ingreso CONTRASEÑA,Busca tabla invitado
*************
