11/11/2024 15:31:14,,Ingreso USUARIO,Busca tabla invitado
*************
11/11/2024 15:31:15,ross,Ingreso CONTRASEÑA,Busca tabla invitado
*************
11/11/2024 15:32:57,ross,Nuevo Pedido PRE CARGA,NORMAL/49
*************
21/11/2024 16:20:00,,Ingreso USUARIO,Busca tabla invitado
*************
21/11/2024 16:20:01,ross,Ingreso CONTRASEÑA,Busca tabla invitado
*************
21/11/2024 16:26:38,,Ingreso USUARIO,Busca tabla invitado
*************
21/11/2024 16:26:39,ross,Ingreso CONTRASEÑA,Busca tabla invitado
*************
21/11/2024 16:27:21,ross,Nuevo Pedido PRE CARGA,NORMAL/64
*************
21/11/2024 16:27:21,ross,GUARDA ENCUESTA,13231
*************
21/11/2024 16:28:39,,Ingreso USUARIO,Busca tabla invitado
*************
21/11/2024 16:28:39,ross,Ingreso CONTRASEÑA,Busca tabla invitado
*************
21/11/2024 16:32:13,,Ingreso USUARIO,Busca tabla invitado
*************
21/11/2024 16:32:14,ross,Ingreso CONTRASEÑA,Busca tabla invitado
*************
21/11/2024 16:38:58,,Ingreso USUARIO,Busca tabla invitado
*************
21/11/2024 16:38:59,ross,Ingreso CONTRASEÑA,Busca tabla invitado
*************
21/11/2024 16:41:20,ross,Operación de Movimiento Inventario,
*************
21/11/2024 16:41:20,ross,Inserción de detalle movimiento inventario,
*************
21/11/2024 16:41:20,ross,Inserción de detalle movimiento inventario,
*************
21/11/2024 16:41:20,ross,Inserción de detalle movimiento inventario,
*************
21/11/2024 16:41:20,ross,Inserción de detalle movimiento inventario,
*************
21/11/2024 16:41:20,ross,Inserción de detalle movimiento inventario,
*************
21/11/2024 16:41:20,ross,Inserción de detalle movimiento inventario,
*************
21/11/2024 16:41:33,ross,Operación de Movimiento Inventario,
*************
21/11/2024 16:41:33,ross,Inserción de detalle movimiento inventario,
*************
21/11/2024 16:41:39,ross,Operación de Movimiento Inventario,
*************
21/11/2024 16:41:39,ross,Inserción de detalle movimiento inventario,
*************
21/11/2024 16:41:39,ross,Inserción de detalle movimiento inventario,
*************
21/11/2024 16:41:39,ross,Inserción de detalle movimiento inventario,
*************
21/11/2024 16:41:39,ross,Inserción de detalle movimiento inventario,
*************
21/11/2024 16:41:39,ross,Inserción de detalle movimiento inventario,
*************
21/11/2024 16:41:39,ross,Inserción de detalle movimiento inventario,
*************
28/11/2024 13:13:34,,Ingreso USUARIO,Busca tabla invitado
*************
28/11/2024 13:13:35,ross,Ingreso CONTRASEÑA,Busca tabla invitado
*************
28/11/2024 13:14:02,ross,Nuevo Pedido PRE CARGA,NORMAL/65
*************
28/11/2024 13:14:02,ross,GUARDA ENCUESTA,13357
*************
28/11/2024 13:18:18,,Ingreso USUARIO,Busca tabla invitado
*************
28/11/2024 13:18:19,ross,Ingreso CONTRASEÑA,Busca tabla invitado
*************
28/11/2024 13:22:38,ross,Nuevo Pedido PRE CARGA,NORMAL/66
*************
28/11/2024 13:22:38,ross,GUARDA ENCUESTA,13369
*************
28/11/2024 13:31:33,,Ingreso USUARIO,Busca tabla invitado
*************
28/11/2024 13:31:34,ross,Ingreso CONTRASEÑA,Busca tabla invitado
*************
28/11/2024 13:44:57,,Ingreso USUARIO,Busca tabla invitado
*************
28/11/2024 13:44:57,ross,Ingreso CONTRASEÑA,Busca tabla invitado
*************
28/11/2024 13:51:24,,Ingreso USUARIO,Busca tabla invitado
*************
28/11/2024 13:51:26,ross,Ingreso CONTRASEÑA,Busca tabla invitado
*************
28/11/2024 13:55:21,,Ingreso USUARIO,Busca tabla invitado
*************
28/11/2024 13:55:22,ross,Ingreso CONTRASEÑA,Busca tabla invitado
*************
28/11/2024 13:59:46,,Ingreso USUARIO,Busca tabla invitado
*************
28/11/2024 13:59:47,ross,Ingreso CONTRASEÑA,Busca tabla invitado
*************
28/11/2024 14:02:53,ross,Operación de Movimiento Inventario,
*************
28/11/2024 14:02:53,ross,Inserción de detalle movimiento inventario,
*************
28/11/2024 14:03:00,ross,Operación de Movimiento Inventario,
*************
28/11/2024 14:03:00,ross,Inserción de detalle movimiento inventario,
*************
28/11/2024 14:03:00,ross,Inserción de detalle movimiento inventario,
*************
28/11/2024 14:03:00,ross,Inserción de detalle movimiento inventario,
*************
28/11/2024 14:03:00,ross,Inserción de detalle movimiento inventario,
*************
28/11/2024 14:03:00,ross,Inserción de detalle movimiento inventario,
*************
29/11/2024 9:47:53,,Ingreso USUARIO,Busca tabla invitado
*************
29/11/2024 9:47:53,ross,Ingreso CONTRASEÑA,Busca tabla invitado
*************
29/11/2024 9:48:48,ross,CUTANEAS,AL_CERDOH
*************
29/11/2024 9:48:48,ross,CUTANEAS,AL_POLLOH
*************
29/11/2024 9:48:48,ross,CUTANEAS,AL_CORVINAH
*************
29/11/2024 9:48:48,ross,CUTANEAS,AL_ATUNH
*************
29/11/2024 9:48:48,ross,CUTANEAS,AL_LANGOSTAH
*************
29/11/2024 9:48:48,ross,CUTANEAS,AL_CAMARONH
*************
29/11/2024 9:48:48,ross,CUTANEAS,AL_LECHEH
*************
29/11/2024 9:48:48,ross,CUTANEAS,AL_HUEVOCIH
*************
29/11/2024 9:48:48,ross,CUTANEAS,AL_YEMAH
*************
29/11/2024 9:48:48,ross,CUTANEAS,AL_TRIGOH
*************
29/11/2024 9:48:48,ross,CUTANEAS,AL_MAIZH
*************
29/11/2024 9:48:48,ross,CUTANEAS,AL_ARROZH
*************
29/11/2024 9:48:48,ross,CUTANEAS,AL_FREJOLH
*************
29/11/2024 9:48:48,ross,CUTANEAS,AL_LENTEJAH
*************
29/11/2024 9:48:48,ross,CUTANEAS,AL_HABAH
*************
29/11/2024 9:48:48,ross,CUTANEAS,AL_TOMATEH
*************
29/11/2024 9:48:48,ross,CUTANEAS,AL_ZANAHORIAH
*************
29/11/2024 9:48:48,ross,CUTANEAS,AL_MANIH
*************
29/11/2024 9:48:48,ross,CUTANEAS,AL_CHOCOLATEH
*************
29/11/2024 9:48:48,ross,CUTANEAS,AL_NARANJAH
*************
29/11/2024 9:48:48,ross,CUTANEAS,AL_PIÑAH
*************
29/11/2024 9:48:48,ross,CUTANEAS,AL_FRUTILLAH
*************
29/11/2024 10:06:38,,Ingreso USUARIO,Busca tabla invitado
*************
29/11/2024 10:06:39,ross,Ingreso CONTRASEÑA,Busca tabla invitado
*************
29/11/2024 10:08:32,,Ingreso USUARIO,Busca tabla invitado
*************
29/11/2024 10:08:33,ross,Ingreso CONTRASEÑA,Busca tabla invitado
*************
29/11/2024 10:15:21,,Ingreso USUARIO,Busca tabla invitado
*************
29/11/2024 10:15:23,,Ingreso CONTRASEÑA FALLIDO,
*************
29/11/2024 10:15:23,,Ingreso CONTRASEÑA,Busca tabla invitado
*************
29/11/2024 10:15:24,ross,Ingreso CONTRASEÑA,Busca tabla invitado
*************
29/11/2024 10:18:49,ross,Operación de Movimiento Inventario,
*************
29/11/2024 10:18:49,ross,Inserción de detalle movimiento inventario,
*************
29/11/2024 10:20:08,ross,Operación de Movimiento Inventario,
*************
29/11/2024 10:20:08,ross,Inserción de detalle movimiento inventario,
*************
29/11/2024 13:26:45,,Ingreso USUARIO,Busca tabla invitado
*************
29/11/2024 13:26:47,ross,Ingreso CONTRASEÑA,Busca tabla invitado
*************
